
; file list of package "pscdata2.dat"

boot.con
ref.con
sys_gr.con
sys_gl.con
sys_dat.con
_posit.con
_props.con
_f1_2.con
_f2_2.con
_f3_2.con
_f4_2.con
_f5_2.con
_f6_2.con
_posdef.con
_scv.con
_butts2.con
_logani2.con
_plight.con
_swave.con
_panback.con
_eff1.con
_eff2.con
_eff3.con
_eff4.con
_eff5.con
_smoke.con
_lightn.con
_gate.con
_expl.con
_sound.con
_strgate.con
_cockpit.con
_icons.con
_vapor.con
_laser.con
_missls.con
_exgen.con
_powups.con
texinval.3df
env2_02.odt
env2_03.odt
env2_04.odt
env2_05.odt
sky3_up.3df
sky3_rt.3df
sky3_lf.3df
sky3_fr.3df
sky3_dn.3df
sky3_bk.3df
sky4_up.3df
sky4_rt.3df
sky4_lf.3df
sky4_fr.3df
sky4_dn.3df
sky4_bk.3df
sky5_up.3df
sky5_rt.3df
sky5_lf.3df
sky5_fr.3df
sky5_dn.3df
sky5_bk.3df
sky6_up.3df
sky6_rt.3df
sky6_lf.3df
sky6_fr.3df
sky6_dn.3df
sky6_bk.3df
env2s.bin
env2sh.odt
stars1.3df
p_3.3df
sn01_01a.3df
pl02_01a.3df
pl03_01a.3df
env2d_02.odt
env2d_03.odt
env2d_04.odt
env2d_05.odt
button_r.3df
back_off.3df
back_on.3df
conf_off.3df
conf_on.3df
conn_off.3df
conn_on.3df
cont_off.3df
cont_on.3df
cont_x.3df
join_off.3df
join_on.3df
opt_off.3df
opt_on.3df
pla_off.3df
pla_on.3df
quit_off.3df
quit_on.3df
scv_off.3df
scv_on.3df
sta_off.3df
sta_on.3df
sta_x.3df
crea_off.3df
crea_on.3df
game_off.3df
game_on.3df
mod_off.3df
mod_on.3df
serv_off.3df
serv_on.3df
sett_off.3df
sett_on.3df
dcon_off.3df
dcon_on.3df
logani00.3df
logani02.3df
logani04.3df
logani06.3df
logani08.3df
logani10.3df
logani12.3df
logani14.3df
logani16.3df
logani18.3df
logani20.3df
logani22.3df
logani24.3df
logani26.3df
logani28.3df
logani30.3df
logani32.3df
logani34.3df
logani36.3df
logani38.3df
logani40.3df
logani42.3df
logani44.3df
logani46.3df
logani48.3df
logani50.3df
logani52.3df
logani54.3df
logani56.3df
logani58.3df
ea_mat1.3df
ea_mat2.3df
ea_mat3.3df
ea_mat5.3df
ea_mat7.3df
ea_mat11.3df
ea_mat13.3df
ea_mat14.3df
fighter1.od2
f5_01.3df
f5_02.3df
f5_03.3df
f5_04.3df
f5_05.3df
f5_06.3df
f5_08.3df
f5_09.3df
f5_10.3df
f5_11.3df
f5_12.3df
f5_13.3df
f5_14.3df
f5_15.3df
f5_16.3df
fighter2.od2
fi3_1n4.3df
fi3_2n.3df
fi3_3.3df
fi3_4n.3df
fi3_5n1.3df
fi3_6n.3df
fighter3.od2
top_tex.3df
bot_tex.3df
backmid.3df
inle1.3df
endlef.3df
fighter4.od2
fi5_top2.3df
fi5_bot.3df
fi5_blue.3df
fi5_caps.3df
fi05_00a.od2
fi05a00a.od2
fi06_01a.3df
fi06_02a.3df
fi06_03a.3df
fi06_04a.3df
fi06_05a.3df
fi06_06a.3df
fi06_07a.3df
fi06_08a.3df
fi06_09a.3df
fi06_10a.3df
fi06_11a.3df
fi06_12a.3df
fi06_13a.3df
fi06_14a.3df
fi06_15a.3df
fi06_16a.3df
fi06_17a.3df
fi06_18a.3df
fi06_00a.od2
imp_001.3df
imp_003.3df
imp_005.3df
imp_007.3df
imp_009.3df
imp_011.3df
imp_013.3df
imp_015.3df
imp_017.3df
imp_019.3df
imp_021.3df
imp_023.3df
imp_025.3df
imp_027.3df
imp_029.3df
smoke001.3df
smoke002.3df
smoke003.3df
smoke004.3df
smoke005.3df
smoke006.3df
smoke007.3df
smoke008.3df
smoke009.3df
smoke010.3df
smoke011.3df
smoke012.3df
smoke013.3df
smoke014.3df
smoke015.3df
smoke016.3df
smoke017.3df
smoke018.3df
smoke019.3df
smoke020.3df
smoke021.3df
smoke022.3df
smoke023.3df
smoke024.3df
smoke025.3df
eff1_001.3df
eff2_001.3df
eff3_015.3df
eff3_019.3df
eff3_029.3df
eff4_001.3df
eff5_001.3df
gate_000.3df
gate_001.3df
gate_003.3df
gate_005.3df
gate_007.3df
gate_009.3df
gate_011.3df
gate_013.3df
gate_015.3df
gate_017.3df
gate_019.3df
gate_021.3df
gate_023.3df
gate_025.3df
gate_027.3df
gate_029.3df
gate_031.3df
gate_033.3df
gate_035.3df
gate_037.3df
gate_039.3df
gate_041.3df
gate_043.3df
gate_045.3df
gate_047.3df
gate_049.3df
gate_051.3df
gate_053.3df
gate_055.3df
gate_057.3df
gate_058.3df
gate_059.3df
gate_060.3df
expl_001.3df
expl_002.3df
expl_003.3df
expl_004.3df
expl_005.3df
expl_006.3df
expl_007.3df
expl_008.3df
expl_009.3df
expl_010.3df
expl_011.3df
expl_012.3df
expl_013.3df
expl_014.3df
expl_015.3df
expl_016.3df
expl_017.3df
expl_018.3df
expl_019.3df
expl_020.3df
expl_021.3df
expl_022.3df
expl_023.3df
expl_024.3df
expl_025.3df
expl_026.3df
expl_027.3df
expl_028.3df
expl_029.3df
expl_030.3df
expl_031.3df
eg01_01a.3df
eg01_02a.3df
eg01_03a.3df
eg01_04a.3df
eg01_05a.3df
eg01_06a.3df
eg01_07a.3df
eg01_08a.3df
eg01_09a.3df
eg01_10a.3df
eg01_11a.3df
eg01_12a.3df
eg01_13a.3df
eg01_14a.3df
eg01_15a.3df
pl_a003.3df
pl_a004.3df
pl_a005.3df
pl_f003.3df
pl_f004.3df
pl_f005.3df
pl_h003.3df
pl_h004.3df
pl_h005.3df
jp001.3df
jp002.3df
jp003.3df
pl_a006.3df
photon01.3df
swarm001.3df
swv_001.3df
swv_002.3df
swv_003.3df
swv_004.3df
swv_005.3df
swv_006.3df
swv_007.3df
swv_008.3df
swv_009.3df
swv_010.3df
swv_011.3df
swv_012.3df
swv_013.3df
swv_014.3df
swv_015.3df
swv_016.3df
swv_017.3df
swv_018.3df
swv_019.3df
swv_020.3df
swv_021.3df
swv_022.3df
swv_023.3df
swv_024.3df
swv_025.3df
swv_026.3df
swv_027.3df
swv_028.3df
swv_029.3df
swv_030.3df
scv00.3df
scv01.3df
scv02.3df
scv10.3df
scv11.3df
scv12.3df
cp_d1.3df
cp_d1s.3df
cp_d2.3df
cp_d2s.3df
cp_w1.3df
cp_w1s.3df
cp_w2.3df
cp_w2w.3df
cp_w2e.3df
cp_r1.3df
cp_r1s.3df
cp_r1e.3df
cp_m1.3df
cp_m2.3df
cp_b1.3df
cp_b1e.3df
cp_b2.3df
cp_b2e.3df
cp_b3.3df
cp_b3e.3df
cp_b4.3df
cp_b4e.3df
mon_f1.3df
mon_f2.3df
mon_f3.3df
mon_f4.3df
mon_f5.3df
mon_f6.3df
cross.3df
cross2.3df
incoming.3df
corner1.3df
corner2.3df
corner3.3df
corner4.3df
w_lc1.3df
w_lc2.3df
w_lc3.3df
w_helix.3df
w_light.3df
w_photon.3df
w_missl1.3df
w_missl2.3df
w_swarm.3df
w_mine.3df
a_after.3df
a_helix.3df
a_light.3df
a_photon.3df
a_invis.3df
a_invul.3df
a_holo.3df
a_lc1.3df
a_lc2.3df
a_lc3.3df
a_mine.3df
a_missl1.3df
a_missl2.3df
a_missl3.3df
n_after.3df
n_helix.3df
n_light.3df
n_photon.3df
n_invis.3df
n_invul.3df
n_holo.3df
n_lc1.3df
n_lc2.3df
n_lc3.3df
n_mine.3df
n_missl1.3df
n_missl2.3df
n_missl3.3df
lgd_el00.3df
lgd_el03.3df
lgd_el04.3df
lgd_el05.3df
lgd_el07.3df
lgd_el08.3df
lgd_el09.3df
lgd_wrp0.3df
lgd_wrp1.3df
lgd_wrp2.3df
lgdev.od2
lgdev_00.od2
lgdev_01.od2
lgdev_02.od2
hc01_01a.3df
hc01_02a.3df
hc01_03a.3df
hc01_00a.od2
hc01a00a.od2
hc01b00a.od2
hc01c00a.od2
ld01_01a.3df
ld01_02a.3df
ld01_03a.3df
ld01_00a.od2
ld01a00a.od2
ld01b00a.od2
ld01c00a.od2
in01_00a.3df
in02_00a.3df
in01b00a.od2
in01c00a.od2
in01d00a.od2
in01e00a.od2
mi01_01a.3df
mi01_00a.od2
mi01a00a.od2
re01_01a.3df
re01_00a.od2
lc02_01a.3df
lc02_00a.od2
lc02a00a.od2
lc02b00a.od2
lc03_01a.3df
lc03_00a.od2
lc03a00a.od2
lc03b00a.od2
pc01_01a.3df
pc01_02a.3df
pc01_03a.3df
pc01_04a.3df
pc01_00a.od2
pc01a00a.od2
pc01b00a.od2
pc01c00a.od2
pc01d00a.od2
pc01e00a.od2
mpack_1.3df
mpack_2.3df
mpack_3.3df
mpack.od2
r99011.3df
r99012.3df
rockt01.od2
r99013.3df
rockt02.od2
glow06.3df
helix01.3df
connect.3df
mouse.3df
loading.3df
sg_int.3df
sg_rtop.3df
sg_rfr.3df
grau.3df
stargate.odt
phaser1a.3df
phaser1b.3df
phaser1.bin
phaser2a.3df
phaser2b.3df
phaser2.bin
phaser3a.3df
phaser3b.3df
phaser3.bin
rockettr.3df
menu1-r.wav
piepsk-r.wav
shipd-r.wav
playj-r.wav
lowe-r.wav
targl-r.wav
tbeep-r.wav
expl3-r.wav
slas7.wav
hrock-r.wav
frock-r.wav
energb-r.wav
sel2-r.wav
slas7_2.wav
slas7_3.wav
blitz2-r.wav
mineh-r.wav
proxm-r.wav
goth-r.wav
gotl-r.wav
invul-r.wav
dumb-r.wav
guided-r.wav
_ka-r.wav
damrep-r.wav
select2n.wav
in1-r.wav
exit-r.wav
back4-r.wav
enehit-r.wav
slaser-r.wav
helix-r.wav
lightn-r.wav
photoc22.wav
swmiss22.wav
weaps-r.wav
thrus2-r.wav
ts22khz.wav
alarm-r.wav
sysch-r.wav
iamhit-r.wav
lows-r.wav
1killl22.wav
2killl22.wav
3killl22.wav
22afraid.wav
22pants.wav
22angry.wav
22bother.wav
22bigger.wav
22damage.wav
22sucks.wav
22sunsha.wav
22finish.wav
22hell.wav
22eat.wav
22energy.wav
22snova.wav
helix2-r.wav
afterb22.wav
holod22.wav
invis22.wav
lasup22.wav
1_22.wav
2_22.wav
3_22.wav
4_22.wav
5_22.wav
amaz22.wav
brilli22.wav
aburn.wav
pc1.wav
pc2.wav
22sm1.wav
22ydi.wav
22yhl.wav
1minl22.wav
2minl22.wav
3minl22.wav
mineo2.wav
dummy0.dat
dummy1.dat
dummy2.dat
dummy3.dat
dummy4.dat
dummy5.dat
dummy6.dat
dummy7.dat
dummy8.dat
dummy9.dat

