
; file list of package "pscdata0.dat"

ctrl_h_h.dat
ctrl_h_m.dat
ctrl_h_l.dat
ctrl_l_h.dat
ctrl_l_m.dat
ctrl_l_l.dat
extra1.odt
font2.pfg
font2.fnt
font6.pfg
font6.fnt
font8_1.pfg
font8_1.fnt
font8_2.pfg
font8_2.fnt
font4.fnt
font5.fnt
font7.fnt
font2_.fnt
font5_.fnt
game.pal
menu.pal
cross.bdt
radar.bdt
mstar1.bdt
mstar2.bdt
mstar3.bdt
mstar4.bdt
bigplan1.bdt
sclstr1.bdt
sclstr2.bdt
norplan1.bdt
minplan1.bdt
target.bdt
exp1_01.bdt
exp1_02.bdt
exp1_03.bdt
exp1_04.bdt
exp1_05.bdt
exp1_06.bdt
exp1_07.bdt
exp1_08.bdt
exp1_09.bdt
exp1_10.bdt
exp1_11.bdt
exp1_12.bdt
nebula.bdt
psclogo1.bdt
psclogo2.bdt
cross_.bdt
radar_.bdt
mst_m2.bdt
mst_m3.bdt
mst_m4.bdt
mst_m1.bdt
bigpl_m1.bdt
scl_m1.bdt
scl_m2.bdt
norpl_m1.bdt
minpl_m1.bdt
target_.bdt
neb_m1.bdt
bluepr01.bdt
bluepr02.bdt
rocket1.bdt
rocket2.bdt
cross2.bdt
cross3.bdt
mine.bdt
gun1.bdt
gun2.bdt
gun3.bdt
viewlogo.bdt
objslogo.bdt
arrowl.bdt
arrowr.bdt
select.bdt
sun.bdt
lightn01.bdt
lightn02.bdt
firebal1.bdt
firebal2.bdt
shield01.bdt
shield02.bdt
pfumes01.bdt
pfumes01.bdt
pfumes01.bdt
firebal2.bdt
lfmask.raw
master.dem
test1.dem
test2.dem

